// Jest Snapshot v1, https://goo.gl/fbAQLP

exports[`grid renders 1`] = `
.c0 {
  -webkit-flex: '0 1 auto';
  -ms-flex: '0 1 auto';
  flex: '0 1 auto';
  display: -webkit-box;
  display: -webkit-flex;
  display: -ms-flexbox;
  display: flex;
  -webkit-flex-direction: row;
  -ms-flex-direction: row;
  flex-direction: row;
  -webkit-align-items: stretch;
  -webkit-box-align: stretch;
  -ms-flex-align: stretch;
  align-items: stretch;
  -webkit-align-content: stretch;
  -ms-flex-line-pack: stretch;
  align-content: stretch;
  -webkit-box-pack: start;
  -webkit-justify-content: flex-start;
  -ms-flex-pack: start;
  justify-content: flex-start;
}

<div
  className="c0"
/>
`;
